Microchip MPLAB XC8 Compiler V2.36

Linker command line:

-W-3 --edf=D:\Program Files\Microchip\xc8\v2.36\pic\dat\en_msgs.txt -cn \
  -h+dist/default/production\Ordinario.X.production.sym \
  --cmf=dist/default/production\Ordinario.X.production.cmf -z -Q18F4550 \
  -oC:\Users\sigfr\AppData\Local\Temp\xcAs14h4.4 --defsym=__MPLAB_BUILD=1 \
  -Mdist/default/production/Ordinario.X.production.map \
  --md=C:\Users\sigfr\AppData\Local\Temp\xcAs14h4.dat -E1 -ver=XC8 Compiler \
  --acfsm=1493 -ACODE=00h-07FFFh -ACONST=00h-07FFFh \
  -ASMALLCONST=0800h-08FFhx120 -AMEDIUMCONST=0800h-07FFFh -ACOMRAM=01h-05Fh \
  -AABS1=00h-07FFh -ABIGRAM=01h-07FFh -ARAM=060h-0FFh,0100h-01FFhx7 \
  -ABANK0=060h-0FFh -ABANK1=0100h-01FFh -ABANK2=0200h-02FFh \
  -ABANK3=0300h-03FFh -ABANK4=0400h-04FFh -ABANK5=0500h-05FFh \
  -ABANK6=0600h-06FFh -ABANK7=0700h-07FFh -ASFR=0F60h-0FFFh \
  -ABIGSFR=0F60h-0FFFh -ACONFIG=0300000h-030000Dh -AIDLOC=0200000h-0200007h \
  -AEEDATA=0F00000h-0F000FFh -peeprom_data=EEDATA \
  -preset_vec=00h,intcode=08h,intcodelo,powerup,init -pramtop=0800h \
  -psmallconst=SMALLCONST -pmediumconst=MEDIUMCONST -pconst=CONST \
  -AFARRAM=00h-00h \
  -prdata=COMRAM,nvrram=COMRAM,nvbit=COMRAM,rbss=COMRAM,rbit=COMRAM \
  -pfarbss=FARRAM,fardata=FARRAM,nvFARRAM=FARRAM \
  -pintsave_regs=BIGRAM,bigbss=BIGRAM,bigdata=BIGRAM -pbss=RAM \
  -pidata=CODE,irdata=CODE,ibigdata=CODE,ifardata=CODE -prparam=COMRAM \
  C:\Users\sigfr\AppData\Local\Temp\xcAs14h4.o \
  dist/default/production\Ordinario.X.production.o 

Object code version is 3.11

Machine type is 18F4550



                Name                               Link     Load   Length Selector   Space Scale
C:\Users\sigfr\AppData\Local\Temp\xcAs14h4.o
                idloc                            200000   200000        8        0       5
                config                           300000   300000        E        0       4
                init                                  E        E        4        4       0
                reset_vec                             0        0        4        0       0
dist/default/production\Ordinario.X.production.o
                intcode                               8        8        6        4       0
                idloc                            200000   200000        8        0       5
                config                           300000   300000        E        0       4
                temp                                 10       10        1        1       1
                text9                                EA       EA       D8        4       0
                text8                                12       12       D8        4       0
                text7                               2C4      2C4        2        4       0
                intcode_body                        26C      26C       18        4       0
                text5                               1F6      1F6       2C        4       0
                text4                               29A      29A       16        4       0
                text3                               222      222       28        4       0
                text2                               24A      24A       22        4       0
                text1                               1C2      1C2       34        4       0
                text0                               2B0      2B0       14        4       0
                bssCOMRAM                             1        1        F        1       1
                cinit                               284      284       16        4       0

TOTAL           Name                               Link     Load   Length     Space
        CLASS   CODE           
                intcode                               8        8        6         0
                init                                  E        E        4         0
                reset_vec                             0        0        4         0
                text9                                EA       EA       D8         0
                text8                                12       12       D8         0
                text7                               2C4      2C4        2         0
                intcode_body                        26C      26C       18         0
                text5                               1F6      1F6       2C         0
                text4                               29A      29A       16         0
                text3                               222      222       28         0
                text2                               24A      24A       22         0
                text1                               1C2      1C2       34         0
                text0                               2B0      2B0       14         0
                cinit                               284      284       16         0

        CLASS   CONST          

        CLASS   SMALLCONST     

        CLASS   MEDIUMCONST    

        CLASS   COMRAM         
                temp                                 10       10        1         1
                bssCOMRAM                             1        1        F         1

        CLASS   ABS1           

        CLASS   BIGRAM         

        CLASS   RAM            

        CLASS   BANK0          

        CLASS   BANK1          

        CLASS   BANK2          

        CLASS   BANK3          

        CLASS   BANK4          

        CLASS   BANK5          

        CLASS   BANK6          

        CLASS   BANK7          

        CLASS   SFR            

        CLASS   BIGSFR         

        CLASS   CONFIG         
                config                           300000   300000        E         4

        CLASS   IDLOC          
                idloc                            200000   200000        8         5

        CLASS   EEDATA         

        CLASS   FARRAM         

        CLASS   HEAP           

        CLASS   STACK          



SEGMENTS        Name                           Load    Length   Top    Selector   Space  Class

                reset_vec                      000000  000004  000004         0       0  CODE    
                bssCOMRAM                      000001  000010  000011         1       1  COMRAM  
                intcode                        000008  0002BE  0002C6         4       0  CODE    


UNUSED ADDRESS RANGES

        Name                Unused          Largest block    Delta
        BANK0            000060-0000FF               A0
        BANK1            000100-0001FF              100
        BANK2            000200-0002FF              100
        BANK3            000300-0003FF              100
        BANK4            000400-0004FF              100
        BANK5            000500-0005FF              100
        BANK6            000600-0006FF              100
        BANK7            000700-0007FF              100
        BIGRAM           000011-0007FF              7EF
        BIGSFR           000F60-000FFF               A0
        CODE             000004-000007                4
                         0002C6-007FFF             7D3A
        COMRAM           000011-00005F               4F
        CONST            000004-000007                4
                         0002C6-007FFF             7D3A
        EEDATA           F00000-F000FF              100
        MEDIUMCONST      000800-007FFF             7800
        RAM              000060-0007FF              100
        SFR              000F60-000FFF               A0
        SMALLCONST       000800-007FFF              100

                                  Symbol Table

_ADCON0                        (abs)        000FC2
_ADCON0bits                    (abs)        000FC2
_ADCON1                        (abs)        000FC1
_ADCON2                        (abs)        000FC0
_ADCinit                       text4        00029A
_ADRESH                        (abs)        000FC4
_ADRESL                        (abs)        000FC3
_BAUDCONbits                   (abs)        000FB8
_CCP1CON                       (abs)        000FBD
_CCP1CONbits                   (abs)        000FBD
_CCP2CON                       (abs)        000FBA
_CCP2CONbits                   (abs)        000FBA
_CCPR1L                        (abs)        000FBE
_CCPR2L                        (abs)        000FBB
_INTCONbits                    (abs)        000FF2
_LATA                          (abs)        000F89
_LATB                          (abs)        000F8A
_LATEbits                      (abs)        000F8D
_ONbuttonA_pressed             text9        0000EA
_ONbuttonB_pressed             text8        000012
_OSCCON                        (abs)        000FD3
_PIR1bits                      (abs)        000F9E
_PORTCbits                     (abs)        000F82
_PR2                           (abs)        000FCB
_PWMinit                       text3        000222
_RCONbits                      (abs)        000FD0
_RCREG                         (abs)        000FAE
_RCSTAbits                     (abs)        000FAB
_SPBRG                         (abs)        000FAF
_T0CONbits                     (abs)        000FD5
_T2CONbits                     (abs)        000FCA
_TMR0L                         (abs)        000FD6
_TRISA                         (abs)        000F92
_TRISAbits                     (abs)        000F92
_TRISB                         (abs)        000F93
_TRISBbits                     (abs)        000F93
_TRISCbits                     (abs)        000F94
_TRISD                         (abs)        000F95
_TRISDbits                     (abs)        000F95
_TRISEbits                     (abs)        000F96
_TXREG                         (abs)        000FAD
_TXSTAbits                     (abs)        000FAC
_UCFGbits                      (abs)        000F6F
_UCONbits                      (abs)        000F6D
__HRAM                         (abs)        000000
__Habs1                        abs1         000000
__Hbank0                       bank0        000000
__Hbank1                       bank1        000000
__Hbank2                       bank2        000000
__Hbank3                       bank3        000000
__Hbank4                       bank4        000000
__Hbank5                       bank5        000000
__Hbank6                       bank6        000000
__Hbank7                       bank7        000000
__Hbigbss                      bigbss       000000
__Hbigdata                     bigdata      000000
__Hbigram                      bigram       000000
__Hbigsfr                      bigsfr       000000
__Hbss                         bss          000000
__HbssCOMRAM                   bssCOMRAM    000000
__Hcinit                       cinit        000000
__Hclrtext                     clrtext      000000
__Hcomram                      comram       000000
__Hconfig                      config       30000E
__Hconst                       const        000000
__HcstackCOMRAM                cstackCOMRAM 000000
__Hdata                        data         000000
__Heeprom_data                 eeprom_data  000000
__Hfarbss                      farbss       000000
__Hfardata                     fardata      000000
__Hheap                        heap         000000
__Hibigdata                    ibigdata     000000
__Hidata                       idata        000000
__Hidloc                       idloc        200008
__Hifardata                    ifardata     000000
__Hinit                        init         000012
__Hintcode                     intcode      00000E
__Hintcode_body                intcode_body 000000
__Hintcodelo                   intcodelo    00000E
__Hintentry                    intentry     000000
__Hintret                      intret       000000
__Hintsave_regs                intsave_regs 000000
__Hirdata                      irdata       000000
__Hmediumconst                 mediumconst  000000
__HnvFARRAM                    nvFARRAM     000000
__Hnvbit                       nvbit        000000
__Hnvrram                      nvrram       000000
__Hparam                       rparam       000000
__Hpowerup                     powerup      00000E
__Hram                         ram          000000
__Hramtop                      ramtop       000800
__Hrbit                        rbit         000000
__Hrbss                        rbss         000000
__Hrdata                       rdata        000000
__Hreset_vec                   reset_vec    000004
__Hrparam                      rparam       000000
__Hsfr                         sfr          000000
__Hsmallconst                  smallconst   000000
__Hspace_0                     (abs)        000800
__Hspace_1                     (abs)        000011
__Hspace_2                     (abs)        000000
__Hspace_4                     (abs)        60000E
__Hstack                       stack        000000
__Hstruct                      struct       000000
__Htemp                        temp         000011
__Htext                        text         000000
__Htext0                       text0        000000
__Htext1                       text1        000000
__Htext2                       text2        000000
__Htext3                       text3        000000
__Htext4                       text4        000000
__Htext5                       text5        000000
__Htext7                       text7        000000
__Htext8                       text8        000000
__Htext9                       text9        000000
__LRAM                         (abs)        000001
__Labs1                        abs1         000000
__Lbank0                       bank0        000000
__Lbank1                       bank1        000000
__Lbank2                       bank2        000000
__Lbank3                       bank3        000000
__Lbank4                       bank4        000000
__Lbank5                       bank5        000000
__Lbank6                       bank6        000000
__Lbank7                       bank7        000000
__Lbigbss                      bigbss       000000
__Lbigdata                     bigdata      000000
__Lbigram                      bigram       000000
__Lbigsfr                      bigsfr       000000
__Lbss                         bss          000000
__LbssCOMRAM                   bssCOMRAM    000000
__Lcinit                       cinit        000000
__Lclrtext                     clrtext      000000
__Lcomram                      comram       000000
__Lconfig                      config       000000
__Lconst                       const        000000
__LcstackCOMRAM                cstackCOMRAM 000000
__Ldata                        data         000000
__Leeprom_data                 eeprom_data  000000
__Lfarbss                      farbss       000000
__Lfardata                     fardata      000000
__Lheap                        heap         000000
__Libigdata                    ibigdata     000000
__Lidata                       idata        000000
__Lidloc                       idloc        000000
__Lifardata                    ifardata     000000
__Linit                        init         00000E
__Lintcode                     intcode      000008
__Lintcode_body                intcode_body 000000
__Lintcodelo                   intcodelo    00000E
__Lintentry                    intentry     000000
__Lintret                      intret       000000
__Lintsave_regs                intsave_regs 000000
__Lirdata                      irdata       000000
__Lmediumconst                 mediumconst  000000
__LnvFARRAM                    nvFARRAM     000000
__Lnvbit                       nvbit        000000
__Lnvrram                      nvrram       000000
__Lparam                       rparam       000000
__Lpowerup                     powerup      00000E
__Lram                         ram          000000
__Lramtop                      ramtop       000800
__Lrbit                        rbit         000000
__Lrbss                        rbss         000000
__Lrdata                       rdata        000000
__Lreset_vec                   reset_vec    000000
__Lrparam                      rparam       000000
__Lsfr                         sfr          000000
__Lsmallconst                  smallconst   000000
__Lspace_0                     (abs)        000000
__Lspace_1                     (abs)        000000
__Lspace_2                     (abs)        000000
__Lspace_4                     (abs)        000000
__Lstack                       stack        000000
__Lstruct                      struct       000000
__Ltemp                        temp         000010
__Ltext                        text         000000
__Ltext0                       text0        000000
__Ltext1                       text1        000000
__Ltext2                       text2        000000
__Ltext3                       text3        000000
__Ltext4                       text4        000000
__Ltext5                       text5        000000
__Ltext7                       text7        000000
__Ltext8                       text8        000000
__Ltext9                       text9        000000
__S0                           (abs)        0002C6
__S1                           (abs)        000011
__S4                           (abs)        000000
__S5                           (abs)        000000
___heap_hi                     (abs)        000000
___heap_lo                     (abs)        000000
___inthi_sp                    stack        000000
___intlo_sp                    stack        000000
___param_bank                  (abs)        000000
___rparam_used                 (abs)        000001
___sp                          stack        000000
__accesstop                    (abs)        000060
__activetblptr                 (abs)        000000
__end_of_ADCinit               text4        0002B0
__end_of_ONbuttonA_pressed     text9        0001C2
__end_of_ONbuttonB_pressed     text8        0000EA
__end_of_PWMinit               text3        00024A
__end_of__initialization       cinit        000290
__end_of_every5ms              text7        0002C6
__end_of_main                  text0        0002C4
__end_of_myint                 intcode_body 000284
__end_of_serialinit            text5        000222
__end_of_system_inicializacion text1        0001F6
__end_of_tmr0init              text2        00026C
__initialization               cinit        000284
__mediumconst                  mediumconst  000000
__pbssCOMRAM                   bssCOMRAM    000001
__pcinit                       cinit        000284
__pcstackCOMRAM                cstackCOMRAM 000000
__pintcode                     intcode      000008
__pintcode_body                intcode_body 00026C
__ptext0                       text0        0002B0
__ptext1                       text1        0001C2
__ptext2                       text2        00024A
__ptext3                       text3        000222
__ptext4                       text4        00029A
__ptext5                       text5        0001F6
__ptext7                       text7        0002C4
__ptext8                       text8        000012
__ptext9                       text9        0000EA
__ramtop                       ramtop       000800
__smallconst                   smallconst   000000
_buttonAflag                   bssCOMRAM    00000F
_buttonApressedcounter         bssCOMRAM    000007
_buttonApressedcounter2        bssCOMRAM    000005
_buttonBflag                   bssCOMRAM    00000E
_buttonBpressedcounter         bssCOMRAM    000003
_buttonBpressedcounter2        bssCOMRAM    000001
_digitcounter                  bssCOMRAM    00000D
_every5ms                      text7        0002C4
_hundreds                      bssCOMRAM    00000A
_main                          text0        0002B0
_myint                         intcode      000008
_serialinit                    text5        0001F6
_system_inicializacion         text1        0001C2
_tens                          bssCOMRAM    00000B
_thousands                     bssCOMRAM    000009
_tmr0init                      text2        00024A
_units                         bssCOMRAM    00000C
btemp                          temp         000010
end_of_initialization          cinit        000290
int$flags                      temp         000010
int_func                       intcode_body 00026C
intlevel0                      text         000000
intlevel1                      text         000000
intlevel2                      text         000000
intlevel3                      text         000000
isa$std                        (abs)        000001
isa$xinst                      (abs)        000000
stackhi                        (abs)        000000
stacklo                        (abs)        000000
start                          init         00000E
start_initialization           cinit        000284
ttemp5                         temp         000011
ttemp6                         temp         000014
ttemp7                         temp         000018
wtemp8                         temp         000011


MODULE INFORMATION

Module		Function		Class		Link	Load	Size
ordinariomain.c
		_main          		CODE           	02B0	0000	20
		_ONbuttonA_pressed		CODE           	00EA	0000	216
		_ONbuttonB_pressed		CODE           	0012	0000	216
		_every5ms      		CODE           	02C4	0000	2

ordinariomain.c estimated size: 454

shared
		__initialization		CODE           	0284	0000	12

shared estimated size: 12

lib4550.c
		_system_inicializacion		CODE           	01C2	0000	52
		_serialinit    		CODE           	01F6	0000	44
		_myint         		CODE           	0008	0000	30
		_tmr0init      		CODE           	024A	0000	34
		_PWMinit       		CODE           	0222	0000	40
		_ADCinit       		CODE           	029A	0000	22

lib4550.c estimated size: 222

